----------------------------------------------------------------------------------------------------------------------------------------------------------------
      name:  <unnamed>
       log:  /Users/owner/Library/CloudStorage/Dropbox/Labor Discipline/07. Data/3. Main Study 3.0/ld_replication/data/temp/../../code/analysis/luisa/diag_codes
> _reliable.log
  log type:  text
 opened on:  30 May 2026, 15:06:51

. 
. di "=================== PHASE 2 RAW: howfound v1 vs v2 value labels ==================="
=================== PHASE 2 RAW: howfound v1 vs v2 value labels ===================

. use "$temp/03_phase2_completed_cleaned.dta", clear

. local L1 : value label f_howfound_1

. local L2 : value label f_howfound_v2_1

. di "f_howfound_1 (v1) uses value label: `L1'"
f_howfound_1 (v1) uses value label: rf4_1

. label list `L1'
rf4_1:
           1 1. Phone- An employer/owner called me/I called the employer
           2 2. Phone- A recruiter/contractor contacted me/I called the recruiter
           3 3. Phone- A friend or family member offered me work/I called them
           4 4. Self Employed- I worked for myself (self-owned business and earned an income)
           5 5. Multi-day job with the same employer.
           6 6. Stand- recruiter/contractor called/ I called the recruiter/contractor
           7 7. Stand- A friend or family member offered me job when I was at the stand.
           8 8. Stand- A reccruiter offered me job when I was at the stand.
         998 998. Others, specify ______
         999 999. Survey was incomplete

. di "----"
----

. di "f_howfound_v2_1 (v2) uses value label: `L2'"
f_howfound_v2_1 (v2) uses value label: rf4_v2_1

. label list `L2'
rf4_v2_1:
           1 1. Phone- An employer/owner called me
           2 2. Phone - I called the employer
           3 3. Phone- A recruiter/contractor contacted me
           4 4. Phone- I called the recruiter
           5 5. Phone- A friend or family member offered me work
           6 6. Phone - I called my friend or family member
           7 7. Self Employed- I worked for myself (self-owned business and earned an income)
           8 8. Stand- recruiter/contractor called/ I called the recruiter/contractor
           9 9. Stand - I called a recruiter while I was at the stand
          10 9. Stand- A friend or family member offered me job when I was at the stand.
          11 10. Stand- A reccruiter offered me job when I was at the stand.
         998 998. Others, specify ______
         999 999. Survey was incomplete

. di "----"
----

. di "f_howfound_notattend_1 label:"
f_howfound_notattend_1 label:

. local L3 : value label f_howfound_notattend_1

. di "  -> `L3'"
  -> rf6_1

. label list `L3'
rf6_1:
           1 1. Phone- An employer/owner called me/I called the emplyer
           2 2. Phone- A recruiter/contractor contacted me/I called the recruiter
           3 3. Phone- A friend or family member offered me work/I called them
           4 4. Self Employed- I worked for myself (self-owned business and earned an income)
           5 5. Multi-day job with the same employer.
         998 998. Others, specify
         999 999. Survey was incomplete

. 
. di "=================== PHASE 1 RAW: howfound value label ==================="
=================== PHASE 1 RAW: howfound value label ===================

. use "$temp/03_phase1_completed_cleaned.dta", clear

. local L4 : value label d_howfound_1

. di "d_howfound_1 uses value label: `L4'"
d_howfound_1 uses value label: rd4_1

. label list `L4'
rd4_1:
           1 1. Phone- An employer/owner called me/I called the employer
           2 2. Phone- A recruiter/contractor contacted me/I called the recruiter
           3 3. Phone- A friend or family member offered me work/I called them
           4 4. Self Employed- I worked for myself (self-owned business and earned an income)
           5 5. Multi-day job with the same employer.
           6 6. Stand- recruiter/contractor called/ I called the recruiter/contractor
           7 7. Stand- A friend or family member offered me job when I was at the stand.
           8 8. Stand- A reccruiter offered me job when I was at the stand.
         998 998. Others, specify ______
         999 999. Survey was incomplete

. di "----"
----

. local L5 : value label d_howfound_notattend_1

. di "d_howfound_notattend_1 uses value label: `L5'"
d_howfound_notattend_1 uses value label: rd6_1

. label list `L5'
rd6_1:
           1 1. Phone- An employer/owner called me/I called the emplyer
           2 2. Phone- A recruiter/contractor contacted me/I called the recruiter
           3 3. Phone- A friend or family member offered me work/I called them
           4 4. Self Employed- I worked for myself (self-owned business and earned an income)
           5 5. Multi-day job with the same employer.
         998 998. Others, specify
         999 999. Survey was incomplete

. 
. di "=================== MAKEPANEL: recall_reliable present? & combined howfound label ==================="
=================== MAKEPANEL: recall_reliable present? & combined howfound label ===================

. use "$temp/05_phase1_phase2_makepanel.dta", clear

. cap confirm variable recall_reliable

. di "recall_reliable exists? rc=" _rc
recall_reliable exists? rc=0

. cap confirm variable work_source_inperson

. di "work_source_inperson exists? rc=" _rc
work_source_inperson exists? rc=0

. cap confirm variable mode

. di "mode exists? rc=" _rc
mode exists? rc=0

. di "---- recall_reliable tab ----"
---- recall_reliable tab ----

. cap tab recall_reliable, missing

. di "---- combined howfound value label in panel ----"
---- combined howfound value label in panel ----

. local L6 : value label howfound

. di "howfound (panel) uses value label: `L6'"
howfound (panel) uses value label: 

. label list `L6'
stand_lab:
           1 1. Adambakam
           2 2. Avadi
           3 3. Aynavaram
           4 4. Mandaveli
           5 5. MKB
           6 6. Korattur
           7 7. MMDA
           8 8. Porur
           9 9. TVK Nagar
mode:
           1 1. in-person
           2 2. Phone
           3 3. Recall (done in person or on the phone)

. log close
      name:  <unnamed>
       log:  /Users/owner/Library/CloudStorage/Dropbox/Labor Discipline/07. Data/3. Main Study 3.0/ld_replication/data/temp/../../code/analysis/luisa/diag_codes
> _reliable.log
  log type:  text
 closed on:  30 May 2026, 15:06:51
----------------------------------------------------------------------------------------------------------------------------------------------------------------
