----------------------------------------------------------------------------------------------------------------------------------------------------------------
      name:  <unnamed>
       log:  /Users/owner/Library/CloudStorage/Dropbox/Labor Discipline/07. Data/3. Main Study 3.0/ld_replication/data/temp/../../code/analysis/luisa/diag_singl
> eday_spells.log
  log type:  text
 opened on:  30 May 2026, 14:15:33

. 
. use "$temp/05_phase1_phase2_makepanel.dta", clear

. sort pid date

. isid pid date

. gen byte grid = !mi(daily_recall_lag)

. 
. *---- clean_stand (copy of CORE BLOCK step 1) ----
. gen byte clean_stand = .
(24,381 missing values generated)

. replace clean_stand = 1 if whenfound==2
(5,896 real changes made)

. replace clean_stand = 0 if inlist(whenfound,1,3)
(2,523 real changes made)

. replace clean_stand = 0 if mi(clean_stand) & !mi(howfound_notattend) & howfound_notattend!=5
(985 real changes made)

. replace clean_stand = 1 if mi(clean_stand) & inlist(howfound,6,7,8,9,10,11)
(1 real change made)

. replace clean_stand = 0 if mi(clean_stand) & inlist(howfound,1,2,3,4,998)
(0 real changes made)

. gen byte has_clean = (work==1 & multiday_job==0 & !mi(clean_stand))

. replace clean_stand = . if !has_clean
(1,865 real changes made, 1,865 to missing)

. 
. gen byte multiday_work = (work==1 & multiday_job==1)

. gen byte mwflag = multiday_work if work==1
(13,263 missing values generated)

. 
. *================================================================*
. * DEFINITION A (CURRENT): spells over WORK days (skip non-work)
. *   + anchor = clean source of immediately preceding WORK day
. *================================================================*
. preserve

.     keep if work==1
(13,263 observations deleted)

.     sort pid date

.     by pid: gen byte lag_mw     = mwflag[_n-1]
(219 missing values generated)

.     by pid: gen byte lead_mw    = mwflag[_n+1]
(219 missing values generated)

.     by pid: gen long spellstart = (mwflag==1 & (lag_mw!=1 | mi(lag_mw)))

.     by pid: gen long spell_id   = sum(spellstart) if mwflag==1
(7,831 missing values generated)

.     bys pid spell_id (date): gen long lenA = _N if !mi(spell_id)
(7,831 missing values generated)

.     * anchor: prior WORK day's clean source
.     sort pid date

.     by pid: gen byte prevwork_clean = clean_stand[_n-1]
(3,712 missing values generated)

.     * neighbor provenance for single-day diagnosis
.     by pid: gen byte prevwork_grid = grid[_n-1]
(219 missing values generated)

.     by pid: gen      prevwork_mdj  = multiday_job[_n-1]
(477 missing values generated)

.     by pid: gen byte nextwork_grid = grid[_n+1]
(219 missing values generated)

.     by pid: gen      nextwork_mdj  = multiday_job[_n+1]
(474 missing values generated)

.     by pid: gen long calgap_prev   = date - date[_n-1]
(219 missing values generated)

.     by pid: gen long calgap_next   = date[_n+1] - date
(219 missing values generated)

.     keep pid date spell_id spellstart lenA prevwork_clean ///
>          prevwork_grid prevwork_mdj nextwork_grid nextwork_mdj calgap_prev calgap_next

.     tempfile A

.     save `A'
file /var/folders/6w/hqkd55sn3zg2h9v70d533xj40000gn/T//St16205.000002 saved as .dta format

. restore

. merge 1:1 pid date using `A', nogen

    Result                      Number of obs
    -----------------------------------------
    Not matched                        13,263
        from master                    13,263  
        from using                          0  

    Matched                            11,118  
    -----------------------------------------

. 
. *---- rebuild job_at_stand exactly as packaged (anchor at spell level) ----
. preserve

.     keep if spellstart==1
(23,408 observations deleted)

.     keep pid spell_id prevwork_clean

.     rename prevwork_clean anchor_clean

.     tempfile anc

.     save `anc'
file /var/folders/6w/hqkd55sn3zg2h9v70d533xj40000gn/T//St16205.000004 saved as .dta format

. restore

. merge m:1 pid spell_id using `anc', nogen keep(1 3)

    Result                      Number of obs
    -----------------------------------------
    Not matched                        21,094
        from master                    21,094  
        from using                          0  

    Matched                             3,287  
    -----------------------------------------

. gen byte job_at_stand = clean_stand
(16,841 missing values generated)

. replace  job_at_stand = anchor_clean if multiday_work==1 & !mi(anchor_clean)
(2,916 real changes made)

. replace  job_at_stand = . if grid==0
(0 real changes made)

. gen byte method = .
(24,381 missing values generated)

. replace method = 1 if !mi(job_at_stand) & multiday_work==0
(7,540 real changes made)

. replace method = 2 if !mi(job_at_stand) & multiday_work==1
(2,916 real changes made)

. 
. *================================================================*
. * (1) ATTRIBUTION dependence on single-day spells
. *================================================================*
. di "==== (1a) Attributed (method==2) multiday days by spell length ===="
==== (1a) Attributed (method==2) multiday days by spell length ====

. gen byte len1 = (lenA==1) if !mi(lenA)
(21,094 missing values generated)

. tab len1 if method==2, missing

       len1 |      Freq.     Percent        Cum.
------------+-----------------------------------
          0 |      2,521       86.45       86.45
          1 |        395       13.55      100.00
------------+-----------------------------------
      Total |      2,916      100.00

. di "  attributed days total:"
  attributed days total:

. count if method==2
  2,916

. di "  attributed days from SINGLE-day spells:"
  attributed days from SINGLE-day spells:

. count if method==2 & lenA==1
  395

. 
. di "==== (1b) SPELL-LEVEL: does the spell's anchor have a clean source? ===="
==== (1b) SPELL-LEVEL: does the spell's anchor have a clean source? ====

. preserve

.     keep if spellstart==1            // one row per spell
(23,408 observations deleted)

.     gen byte anchored = !mi(anchor_clean)

.     gen byte single   = (lenA==1)

.     di "  total spells:"
  total spells:

.     count
  973

.     di "  single-day spells:"
  single-day spells:

.     count if single==1
  406

.     di "  --- attribution feasibility (anchor clean present) by spell length ---"
  --- attribution feasibility (anchor clean present) by spell length ---

.     tab single anchored, row missing

+----------------+
| Key            |
|----------------|
|   frequency    |
| row percentage |
+----------------+

           |       anchored
    single |         0          1 |     Total
-----------+----------------------+----------
         0 |        53        514 |       567 
           |      9.35      90.65 |    100.00 
-----------+----------------------+----------
         1 |        11        395 |       406 
           |      2.71      97.29 |    100.00 
-----------+----------------------+----------
     Total |        64        909 |       973 
           |      6.58      93.42 |    100.00 

.     di "  among SINGLE-day spells: anchored vs not"
  among SINGLE-day spells: anchored vs not

.     tab anchored if single==1, missing

   anchored |      Freq.     Percent        Cum.
------------+-----------------------------------
          0 |         11        2.71        2.71
          1 |        395       97.29      100.00
------------+-----------------------------------
      Total |        406      100.00

.     di "  among MULTI-day spells: anchored vs not"
  among MULTI-day spells: anchored vs not

.     tab anchored if single==0, missing

   anchored |      Freq.     Percent        Cum.
------------+-----------------------------------
          0 |         53        9.35        9.35
          1 |        514       90.65      100.00
------------+-----------------------------------
      Total |        567      100.00

. restore

. 
. *================================================================*
. * (3) Is COMPREHENSIVE recall the driver of single-day spells?
. *     Look at the WORK-day neighbors that bound each single-day spell.
. *================================================================*
. di "==== (3) SINGLE-day spell days: what bounds them? ===="
==== (3) SINGLE-day spell days: what bounds them? ====

. gen byte singleA = (multiday_work==1 & lenA==1)

. count if singleA==1
  406

. di "  prior WORK day separated by a NON-WORK gap (calgap_prev>1):"
  prior WORK day separated by a NON-WORK gap (calgap_prev>1):

. count if singleA==1 & calgap_prev>1 & !mi(calgap_prev)
  93

. di "  next  WORK day separated by a NON-WORK gap (calgap_next>1):"
  next  WORK day separated by a NON-WORK gap (calgap_next>1):

. count if singleA==1 & calgap_next>1 & !mi(calgap_next)
  144

. di "  prior WORK day is COMPREHENSIVE (grid==0):"
  prior WORK day is COMPREHENSIVE (grid==0):

. count if singleA==1 & prevwork_grid==0
  2

. di "  prior WORK day has multiday_job MISSING (unknown -> broke run):"
  prior WORK day has multiday_job MISSING (unknown -> broke run):

. count if singleA==1 & mi(prevwork_mdj) & !mi(prevwork_grid)
  2

. di "  next  WORK day has multiday_job MISSING:"
  next  WORK day has multiday_job MISSING:

. count if singleA==1 & mi(nextwork_mdj) & !mi(nextwork_grid)
  2

. di "  single-day spell is itself a COMPREHENSIVE day (grid==0):"
  single-day spell is itself a COMPREHENSIVE day (grid==0):

. count if singleA==1 & grid==0
  0

. di "  single-day spell is on the GRID:"
  single-day spell is on the GRID:

. count if singleA==1 & grid==1
  406

. di "==== (3b) phase split of single-day spells ===="
==== (3b) phase split of single-day spells ====

. tab phase if singleA==1, missing

      phase |      Freq.     Percent        Cum.
------------+-----------------------------------
          1 |        196       48.28       48.28
          2 |        210       51.72      100.00
------------+-----------------------------------
      Total |        406      100.00

. 
. *================================================================*
. * (2) DEFINITION B: non-work day SPLITS the spell (calendar runs)
. *================================================================*
. sort pid date

. by pid: gen byte lagB        = multiday_work[_n-1]
(225 missing values generated)

. by pid: gen long spellstartB = (multiday_work==1 & (lagB!=1 | mi(lagB)))

. by pid: gen long spell_idB   = sum(spellstartB) if multiday_work==1
(21,094 missing values generated)

. bys pid spell_idB (date): gen long lenB = _N if !mi(spell_idB)
(21,094 missing values generated)

. 
. di "==== (2) SPELL COUNTS: A (skip non-work) vs B (split on non-work) ===="
==== (2) SPELL COUNTS: A (skip non-work) vs B (split on non-work) ====

. preserve

.     keep if spellstartB==1
(23,108 observations deleted)

.     di "  Definition B: number of spells:"
  Definition B: number of spells:

.     count
  1,273

.     di "  Definition B: single-day spells:"
  Definition B: single-day spells:

.     count if lenB==1
  589

.     di "  Definition B: length distribution (<=10):"
  Definition B: length distribution (<=10):

.     tab lenB if lenB<=10

       lenB |      Freq.     Percent        Cum.
------------+-----------------------------------
          1 |        589       46.93       46.93
          2 |        236       18.80       65.74
          3 |        168       13.39       79.12
          4 |         84        6.69       85.82
          5 |         57        4.54       90.36
          6 |         56        4.46       94.82
          7 |         32        2.55       97.37
          8 |         15        1.20       98.57
          9 |          9        0.72       99.28
         10 |          9        0.72      100.00
------------+-----------------------------------
      Total |      1,255      100.00

.     sum lenB, detail

                            lenB
-------------------------------------------------------------
      Percentiles      Smallest
 1%            1              1
 5%            1              1
10%            1              1       Obs               1,273
25%            1              1       Sum of wgt.       1,273

50%            2                      Mean            2.58209
                        Largest       Std. dev.      2.387347
75%            3             16
90%            6             18       Variance       5.699427
95%            7             22       Skewness       2.853416
99%           11             25       Kurtosis       16.73376

. restore

. di "  (Definition A had 973 spells, 406 single-day, per audit C8)"
  (Definition A had 973 spells, 406 single-day, per audit C8)

. 
. di "==== (2b) How many A-spells get SPLIT by a non-work day? ===="
==== (2b) How many A-spells get SPLIT by a non-work day? ====

. preserve

.     keep if multiday_work==1
(21,094 observations deleted)

.     * count distinct B-spells within each A-spell
.     bys pid spell_id spell_idB: gen byte firstBinA = (_n==1)

.     bys pid spell_id: egen long nB = total(firstBinA)

.     bys pid spell_id (date): keep if _n==1
(2,314 observations deleted)

.     di "  A-spells split into >1 B-spell (i.e., span a non-work day):"
  A-spells split into >1 B-spell (i.e., span a non-work day):

.     count if nB>1
  205

.     di "  total A-spells:"
  total A-spells:

.     count
  973

.     tab nB if nB<=8

         nB |      Freq.     Percent        Cum.
------------+-----------------------------------
          1 |        768       78.93       78.93
          2 |        147       15.11       94.04
          3 |         39        4.01       98.05
          4 |          8        0.82       98.87
          5 |          7        0.72       99.59
          6 |          2        0.21       99.79
          7 |          1        0.10       99.90
          8 |          1        0.10      100.00
------------+-----------------------------------
      Total |        973      100.00

. restore

. 
. log close
      name:  <unnamed>
       log:  /Users/owner/Library/CloudStorage/Dropbox/Labor Discipline/07. Data/3. Main Study 3.0/ld_replication/data/temp/../../code/analysis/luisa/diag_singl
> eday_spells.log
  log type:  text
 closed on:  30 May 2026, 14:15:33
----------------------------------------------------------------------------------------------------------------------------------------------------------------
