--------------------------------------------------------------------------------------------------------------------------------------------------------------------------------------------------------
      name:  <unnamed>
       log:  /Users/owner/Library/CloudStorage/Dropbox/Labor Discipline/07. Data/3. Main Study 3.0/ld_replication/code/analysis/luisa/diag_tmp_vars.log
  log type:  text
 opened on:  30 May 2026, 14:06:54

. use "$temp/03_phase1_completed_cleaned.dta", clear

. di "==== PHASE1 howfound var names ===="
==== PHASE1 howfound var names ====

. ds *howfound* *how_found*
d_howfound_1  d_howfound..  d_howf~end_2  d_howfound..  d_howfound_4  d_howfound..  d_howf~end_5  d_howfound..  d_howfound_7  d_howfound..  d_how_fo~e_2  d_how_fo~s_3  d_how_fo~e_5  d_how_fo~s_6
d_howfound..  d_howfound_2  d_howfound..  d_howf~end_3  d_howfound..  d_howfound_5  d_howfound..  d_howf~end_6  d_howfound..  d_how_fo~e_1  d_how_fo~s_2  d_how_fo~e_4  d_how_fo~s_5  d_how_fo~e_7
d_howf~end_1  d_howfound..  d_howfound_3  d_howfound..  d_howf~end_4  d_howfound..  d_howfound_6  d_howfound..  d_howf~end_7  d_how_fo~s_1  d_how_fo~e_3  d_how_fo~s_4  d_how_fo~e_6  d_how_fo~s_7

. di "==== PHASE1 d_howfound_1 label ===="
==== PHASE1 d_howfound_1 label ====

. local L : value label d_howfound_1

. di "label name = `L'"
label name = rd4_1

. label list `L'
rd4_1:
           1 1. Phone- An employer/owner called me/I called the employer
           2 2. Phone- A recruiter/contractor contacted me/I called the recruiter
           3 3. Phone- A friend or family member offered me work/I called them
           4 4. Self Employed- I worked for myself (self-owned business and earned an income)
           5 5. Multi-day job with the same employer.
           6 6. Stand- recruiter/contractor called/ I called the recruiter/contractor
           7 7. Stand- A friend or family member offered me job when I was at the stand.
           8 8. Stand- A reccruiter offered me job when I was at the stand.
         998 998. Others, specify ______
         999 999. Survey was incomplete

. di "==== PHASE1 d_howfound_notattend_1 label ===="
==== PHASE1 d_howfound_notattend_1 label ====

. local L2 : value label d_howfound_notattend_1

. di "label name = `L2'"
label name = rd6_1

. label list `L2'
rd6_1:
           1 1. Phone- An employer/owner called me/I called the emplyer
           2 2. Phone- A recruiter/contractor contacted me/I called the recruiter
           3 3. Phone- A friend or family member offered me work/I called them
           4 4. Self Employed- I worked for myself (self-owned business and earned an income)
           5 5. Multi-day job with the same employer.
         998 998. Others, specify
         999 999. Survey was incomplete

. log close
      name:  <unnamed>
       log:  /Users/owner/Library/CloudStorage/Dropbox/Labor Discipline/07. Data/3. Main Study 3.0/ld_replication/code/analysis/luisa/diag_tmp_vars.log
  log type:  text
 closed on:  30 May 2026, 14:06:54
--------------------------------------------------------------------------------------------------------------------------------------------------------------------------------------------------------
