-------------------------------------------------------------------------------
      name:  <unnamed>
       log:  /Users/owner/Library/CloudStorage/Dropbox/Labor Discipline/07. Dat
> a/3. Main Study 3.0/ld_replication/data/temp/../../code/analysis/luisa/diag_e
> xplore_jobsource.log
  log type:  text
 opened on:  29 May 2026, 18:40:39

. 
. *** ---- 05 makepanel (the file we will build the var in) ----
. use "$temp/05_phase1_phase2_makepanel.dta", clear

. 
. di "==== 05_phase1_phase2_makepanel: N ===="
==== 05_phase1_phase2_makepanel: N ====

. count
  24,381

. 
. di "==== value labels / tabs ===="
==== value labels / tabs ====

. foreach v in whenfound howfound howfound_notattend multiday_job multiday_job_
> cond work work_orig work1 attend mode {
  2.     di "----------- `v' -----------"
  3.     tab `v', missing
  4. }
----------- whenfound -----------

  whenfound |      Freq.     Percent        Cum.
------------+-----------------------------------
          1 |      2,493       10.23       10.23
          2 |      5,896       24.18       34.41
          3 |         30        0.12       34.53
          . |     15,962       65.47      100.00
------------+-----------------------------------
      Total |     24,381      100.00
----------- howfound -----------

   howfound |      Freq.     Percent        Cum.
------------+-----------------------------------
          1 |        986        4.04        4.04
          2 |        686        2.81        6.86
          3 |        467        1.92        8.77
          4 |         16        0.07        8.84
          5 |      1,418        5.82       14.65
          6 |         43        0.18       14.83
          7 |      1,559        6.39       21.23
          8 |      2,665       10.93       32.16
          9 |         44        0.18       32.34
         10 |        230        0.94       33.28
         11 |        302        1.24       34.52
        998 |          4        0.02       34.54
          . |     15,961       65.46      100.00
------------+-----------------------------------
      Total |     24,381      100.00
----------- howfound_notattend -----------

howfound_no |
    tattend |      Freq.     Percent        Cum.
------------+-----------------------------------
          1 |        580        2.38        2.38
          2 |        111        0.46        2.83
          3 |        265        1.09        3.92
          4 |         12        0.05        3.97
          5 |      1,439        5.90        9.87
        998 |         17        0.07        9.94
          . |     21,957       90.06      100.00
------------+-----------------------------------
      Total |     24,381      100.00
----------- multiday_job -----------

multiday_jo |
          b |      Freq.     Percent        Cum.
------------+-----------------------------------
          0 |     16,995       69.71       69.71
          1 |      3,287       13.48       83.19
          . |      4,099       16.81      100.00
------------+-----------------------------------
      Total |     24,381      100.00
----------- multiday_job_cond -----------

multiday_jo |
     b_cond |      Freq.     Percent        Cum.
------------+-----------------------------------
          0 |      7,609       31.21       31.21
          1 |      3,317       13.60       44.81
          . |     13,455       55.19      100.00
------------+-----------------------------------
      Total |     24,381      100.00
----------- work -----------

      Work, |
     random |
 imputation |      Freq.     Percent        Cum.
------------+-----------------------------------
          0 |     10,119       41.50       41.50
          1 |     11,118       45.60       87.10
          . |      3,144       12.90      100.00
------------+-----------------------------------
      Total |     24,381      100.00
----------- work_orig -----------

   Work, no |
 imputation |      Freq.     Percent        Cum.
------------+-----------------------------------
          0 |      9,428       38.67       38.67
          1 |     10,854       44.52       83.19
          . |      4,099       16.81      100.00
------------+-----------------------------------
      Total |     24,381      100.00
----------- work1 -----------

      Work; |
    imputed |
    work as |
      means |
 instead of |
     random |
 assignment |      Freq.     Percent        Cum.
------------+-----------------------------------
          0 |      9,976       40.92       40.92
   .0357143 |         28        0.11       41.03
   .0833333 |         12        0.05       41.08
   .1304348 |         23        0.09       41.18
   .1428571 |         14        0.06       41.23
         .2 |          5        0.02       41.25
        .25 |         12        0.05       41.30
   .2666667 |         15        0.06       41.36
   .3333333 |         24        0.10       41.46
        .36 |          7        0.03       41.49
       .375 |          8        0.03       41.52
   .4444444 |          9        0.04       41.56
         .5 |         16        0.07       41.63
         .6 |         10        0.04       41.67
   .6666667 |          6        0.02       41.69
   .7222222 |          3        0.01       41.70
        .75 |          4        0.02       41.72
         .8 |         10        0.04       41.76
   .8888889 |          9        0.04       41.80
          1 |     11,046       45.31       87.10
          . |      3,144       12.90      100.00
------------+-----------------------------------
      Total |     24,381      100.00
----------- attend -----------

     attend |      Freq.     Percent        Cum.
------------+-----------------------------------
          0 |     13,750       56.40       56.40
          1 |     10,631       43.60      100.00
------------+-----------------------------------
      Total |     24,381      100.00
----------- mode -----------

  Are you going to call the participant |
       or directly take on spot survey? |      Freq.     Percent        Cum.
----------------------------------------+-----------------------------------
                           1. in-person |     10,554       43.29       43.29
                               2. Phone |        748        3.07       46.36
3. Recall (done in person or on the pho |      9,580       39.29       85.65
                                      . |      3,499       14.35      100.00
----------------------------------------+-----------------------------------
                                  Total |     24,381      100.00

. 
. di "==== cross tab howfound vs multiday_job ===="
==== cross tab howfound vs multiday_job ====

. tab howfound multiday_job, missing

           |           multiday_job
  howfound |         0          1          . |     Total
-----------+---------------------------------+----------
         1 |       845        141          0 |       986 
         2 |       677          9          0 |       686 
         3 |       439         28          0 |       467 
         4 |        16          0          0 |        16 
         5 |        21      1,397          0 |     1,418 
         6 |        35          8          0 |        43 
         7 |     1,545         14          0 |     1,559 
         8 |     2,664          1          0 |     2,665 
         9 |        36          8          0 |        44 
        10 |       180         50          0 |       230 
        11 |       243         59          0 |       302 
       998 |         3          1          0 |         4 
         . |    10,291      1,571      4,099 |    15,961 
-----------+---------------------------------+----------
     Total |    16,995      3,287      4,099 |    24,381 

. 
. di "==== cross tab howfound_notattend vs multiday_job ===="
==== cross tab howfound_notattend vs multiday_job ====

. tab howfound_notattend multiday_job, missing

howfound_n |           multiday_job
  otattend |         0          1          . |     Total
-----------+---------------------------------+----------
         1 |       540         40          0 |       580 
         2 |       100         11          0 |       111 
         3 |       217         48          0 |       265 
         4 |        12          0          0 |        12 
         5 |        19      1,420          0 |     1,439 
       998 |        17          0          0 |        17 
         . |    16,090      1,768      4,099 |    21,957 
-----------+---------------------------------+----------
     Total |    16,995      3,287      4,099 |    24,381 

. 
. di "==== cross tab whenfound vs work ===="
==== cross tab whenfound vs work ====

. tab whenfound work, missing

           |     Work, random imputation
 whenfound |         0          1          . |     Total
-----------+---------------------------------+----------
         1 |        14      2,479          0 |     2,493 
         2 |        21      5,875          0 |     5,896 
         3 |         0         30          0 |        30 
         . |    10,084      2,734      3,144 |    15,962 
-----------+---------------------------------+----------
     Total |    10,119     11,118      3,144 |    24,381 

. 
. di "==== work_source_? vars present? ===="
==== work_source_? vars present? ====

. ds work_source*
work_sourc~n

. describe work_source*

Variable      Storage   Display    Value
    name         type    format    label      Variable label
-------------------------------------------------------------------------------
work_source_i~n float   %9.0g                 Work value comes from an
                                                in-person recall (daily or
                                                comprehensive)

. foreach v of varlist work_source* {
  2.     di "----------- `v' -----------"
  3.     cap tab `v', missing
  4. }
----------- work_source_inperson -----------

. 
. log close
      name:  <unnamed>
       log:  /Users/owner/Library/CloudStorage/Dropbox/Labor Discipline/07. Dat
> a/3. Main Study 3.0/ld_replication/data/temp/../../code/analysis/luisa/diag_e
> xplore_jobsource.log
  log type:  text
 closed on:  29 May 2026, 18:40:39
-------------------------------------------------------------------------------
