-------------------------------------------------------------------------------
      name:  <unnamed>
       log:  /Users/owner/Library/CloudStorage/Dropbox/Labor Discipline/07. Dat
> a/3. Main Study 3.0/ld_replication/data/temp/../../code/analysis/luisa/diag_v
> 2labels.log
  log type:  text
 opened on:  29 May 2026, 18:45:24

. 
. use "$temp/03_phase2_completed_cleaned.dta", clear

. di "==== rf4_v2_1 (phase2 howfound v2) label ===="
==== rf4_v2_1 (phase2 howfound v2) label ====

. label list rf4_v2_1
rf4_v2_1:
           1 1. Phone- An employer/owner called me
           2 2. Phone - I called the employer
           3 3. Phone- A recruiter/contractor contacted me
           4 4. Phone- I called the recruiter
           5 5. Phone- A friend or family member offered me work
           6 6. Phone - I called my friend or family member
           7 7. Self Employed- I worked for myself (self-owned business and ear
> ned an income)
           8 8. Stand- recruiter/contractor called/ I called the recruiter/cont
> ractor
           9 9. Stand - I called a recruiter while I was at the stand
          10 9. Stand- A friend or family member offered me job when I was at t
> he stand.
          11 10. Stand- A reccruiter offered me job when I was at the stand.
         998 998. Others, specify ______
         999 999. Survey was incomplete

. di "==== rf4_1 (phase2 howfound) label ===="
==== rf4_1 (phase2 howfound) label ====

. label list rf4_1
rf4_1:
           1 1. Phone- An employer/owner called me/I called the employer
           2 2. Phone- A recruiter/contractor contacted me/I called the recruit
> er
           3 3. Phone- A friend or family member offered me work/I called them
           4 4. Self Employed- I worked for myself (self-owned business and ear
> ned an income)
           5 5. Multi-day job with the same employer.
           6 6. Stand- recruiter/contractor called/ I called the recruiter/cont
> ractor
           7 7. Stand- A friend or family member offered me job when I was at t
> he stand.
           8 8. Stand- A reccruiter offered me job when I was at the stand.
         998 998. Others, specify ______
         999 999. Survey was incomplete

. di "==== tab f_howfound_v2_1 ===="
==== tab f_howfound_v2_1 ====

. tab f_howfound_v2_1, missing

      f4_v2. How did you find this job? |      Freq.     Percent        Cum.
----------------------------------------+-----------------------------------
  1. Phone- An employer/owner called me |        126        1.77        1.77
       2. Phone - I called the employer |          7        0.10        1.87
3. Phone- A recruiter/contractor contac |         44        0.62        2.48
       4. Phone- I called the recruiter |          4        0.06        2.54
5. Phone- A friend or family member off |         36        0.51        3.05
6. Phone - I called my friend or family |          9        0.13        3.17
7. Self Employed- I worked for myself ( |         11        0.15        3.33
8. Stand- recruiter/contractor called/  |          3        0.04        3.37
9. Stand - I called a recruiter while I |         23        0.32        3.69
9. Stand- A friend or family member off |        148        2.08        5.77
10. Stand- A reccruiter offered me job  |        192        2.70        8.46
            998. Others, specify ______ |          1        0.01        8.48
                                      . |      6,520       91.52      100.00
----------------------------------------+-----------------------------------
                                  Total |      7,124      100.00

. log close
      name:  <unnamed>
       log:  /Users/owner/Library/CloudStorage/Dropbox/Labor Discipline/07. Dat
> a/3. Main Study 3.0/ld_replication/data/temp/../../code/analysis/luisa/diag_v
> 2labels.log
  log type:  text
 closed on:  29 May 2026, 18:45:24
-------------------------------------------------------------------------------
