-------------------------------------------------------------------------------
      name:  <unnamed>
       log:  /Users/owner/Library/CloudStorage/Dropbox/Labor Discipline/07. Dat
> a/3. Main Study 3.0/ld_replication/data/temp/../../code/analysis/luisa/diag_e
> xplore_labels.log
  log type:  text
 opened on:  29 May 2026, 18:42:11

. 
. use "$temp/04_phase1_phase2_cleaned.dta", clear

. 
. di "==== label list howfound (rd4_1) ===="
==== label list howfound (rd4_1) ====

. label list rd4_1
rd4_1:
           1 1. Phone- An employer/owner called me/I called the employer
           2 2. Phone- A recruiter/contractor contacted me/I called the recruit
> er
           3 3. Phone- A friend or family member offered me work/I called them
           4 4. Self Employed- I worked for myself (self-owned business and ear
> ned an income)
           5 5. Multi-day job with the same employer.
           6 6. Stand- recruiter/contractor called/ I called the recruiter/cont
> ractor
           7 7. Stand- A friend or family member offered me job when I was at t
> he stand.
           8 8. Stand- A reccruiter offered me job when I was at the stand.
         998 998. Others, specify ______
         999 999. Survey was incomplete

. 
. di "==== label list whenfound (rd3_1) ===="
==== label list whenfound (rd3_1) ====

. label list rd3_1
rd3_1:
           1 1. I already had a job before coming to the stand
           2 2. While at the stand (friend gave me a job, met recruiter, recrui
> ter phone call
           3 3. After I left the stand without finding a job there
         998 998. Other, specify:
         999 999. Survey was incomplete

. 
. di "==== label list howfound_notattend (rd6_1) ===="
==== label list howfound_notattend (rd6_1) ====

. label list rd6_1
rd6_1:
           1 1. Phone- An employer/owner called me/I called the emplyer
           2 2. Phone- A recruiter/contractor contacted me/I called the recruit
> er
           3 3. Phone- A friend or family member offered me work/I called them
           4 4. Self Employed- I worked for myself (self-owned business and ear
> ned an income)
           5 5. Multi-day job with the same employer.
         998 998. Others, specify
         999 999. Survey was incomplete

. 
. di "==== label list multiday (rf4_1_1) ===="
==== label list multiday (rf4_1_1) ====

. label list rf4_1_1
rf4_1_1:
           0 No
           1 Yes
         999 999. Survey was incomplete

. 
. di "==== tab d_howfound_1 ===="
==== tab d_howfound_1 ====

. tab d_howfound_1, missing

                 How did they find work |      Freq.     Percent        Cum.
----------------------------------------+-----------------------------------
1. Phone- An employer/owner called me/I |        642        5.63        5.63
2. Phone- A recruiter/contractor contac |        445        3.91        9.54
3. Phone- A friend or family member off |        303        2.66       12.20
4. Self Employed- I worked for myself ( |         12        0.11       12.30
5. Multi-day job with the same employer |        900        7.90       20.20
6. Stand- recruiter/contractor called/  |         32        0.28       20.48
7. Stand- A friend or family member off |      1,056        9.27       29.75
8. Stand- A reccruiter offered me job w |      1,738       15.25       45.01
                                      9 |         23        0.20       45.21
                                     10 |        148        1.30       46.51
                                     11 |        192        1.69       48.19
            998. Others, specify ______ |          3        0.03       48.22
                                      . |      5,900       51.78      100.00
----------------------------------------+-----------------------------------
                                  Total |     11,394      100.00

. di "==== tab d_whenfound_1 ===="
==== tab d_whenfound_1 ====

. tab d_whenfound_1, missing

                When did they find work |      Freq.     Percent        Cum.
----------------------------------------+-----------------------------------
1. I already had a job before coming to |      1,600       14.04       14.04
2. While at the stand (friend gave me a |      3,871       33.97       48.02
3. After I left the stand without findi |         23        0.20       48.22
                                      . |      5,900       51.78      100.00
----------------------------------------+-----------------------------------
                                  Total |     11,394      100.00

. di "==== tab d_howfound_notattend_1 ===="
==== tab d_howfound_notattend_1 ====

. tab d_howfound_notattend_1, missing

 How they found work wothout attendning |
                              the stand |      Freq.     Percent        Cum.
----------------------------------------+-----------------------------------
1. Phone- An employer/owner called me/I |        283        2.48        2.48
2. Phone- A recruiter/contractor contac |         44        0.39        2.87
3. Phone- A friend or family member off |        107        0.94        3.81
4. Self Employed- I worked for myself ( |          3        0.03        3.84
5. Multi-day job with the same employer |        385        3.38        7.21
                   998. Others, specify |          5        0.04        7.26
                                      . |     10,567       92.74      100.00
----------------------------------------+-----------------------------------
                                  Total |     11,394      100.00

. 
. log close
      name:  <unnamed>
       log:  /Users/owner/Library/CloudStorage/Dropbox/Labor Discipline/07. Dat
> a/3. Main Study 3.0/ld_replication/data/temp/../../code/analysis/luisa/diag_e
> xplore_labels.log
  log type:  text
 closed on:  29 May 2026, 18:42:11
-------------------------------------------------------------------------------
